[1, 2, 3]
[4, 5, 6]
[1, 2, 3, 4]
[1, 2, 3]
[1, 10, 2, 3]
[3, 2, 10, 1]
[3, 2, 10, 1, 4, 5, 6]
[3, 2, 10, 1, 3, 2, 10, 1]
[3, 20, 10, 1]
10
4
false
false
true
true
true
false
false
true
true
false
true
false
true
false
[3, 20, 10, 1, 15]
[8, 3.14, 8, 3.14, 8, 3.14]
