Vector(1, 2, 3)
4
Vector(5, 7, 9)
Vector(3, 3, 3)
23
