2
nil
10
8
120
6765
im global
im local
5 10 15
1 10 15
1 2 15
1 2 3
