0
1
2
3
4
-5
-3
-1
1
2
3
Hello, im string
20
40
60
80
0 0
0 1
1 0
1 1
0 1
0 2
0 3
1 2
1 3
2 3
