Hello, World!
Hello, World!
Startend
2 + 2 * 2 = 6
13
1399
value of a is 13 post
boolean algebra true false
HiHiHiHiHi
777
Hello
World
