nil
1
11
90 3.14
3.14 90
false
true
Hello, World!
global
scope1
scope2
scope1
global
