true
true
false
true
Maybe
false
false
false
false
true
false
true
true
true
false
true
